1781792881.868293 client started (207538): version 3.6b, socket /tmp/tmux-1000/default, protocol 8
1781792881.868330 on Linux 6.6.87.2-microsoft-standard-WSL2 #1 SMP PREEMPT_DYNAMIC Thu Jun  5 18:30:46 UTC 2025
1781792881.868333 using libevent 2.1.12-stable poll
1781792881.868335 using ncurses 6.6 20251230
1781792881.868350 flags are 0x10010000
1781792881.868362 socket is /tmp/tmux-1000/default
1781792881.868378 trying connect
1781792881.868462 add peer 0x5a537c845be0: 6 ((nil))
1781792881.868785 sending message 111 to peer 0x5a537c845be0 (8 bytes)
1781792881.868789 sending message 111 to peer 0x5a537c845be0 (8 bytes)
1781792881.868792 sending message 101 to peer 0x5a537c845be0 (15 bytes)
1781792881.868794 sending message 109 to peer 0x5a537c845be0 (4 bytes)
1781792881.868796 sending message 102 to peer 0x5a537c845be0 (12 bytes)
1781792881.868798 sending message 108 to peer 0x5a537c845be0 (28 bytes)
1781792881.868800 sending message 112 to peer 0x5a537c845be0 (58 bytes)
1781792881.868802 sending message 112 to peer 0x5a537c845be0 (5 bytes)
1781792881.868804 sending message 112 to peer 0x5a537c845be0 (5 bytes)
1781792881.868806 sending message 112 to peer 0x5a537c845be0 (6 bytes)
1781792881.868808 sending message 112 to peer 0x5a537c845be0 (6 bytes)
1781792881.868810 sending message 112 to peer 0x5a537c845be0 (11 bytes)
1781792881.868812 sending message 112 to peer 0x5a537c845be0 (10 bytes)
1781792881.868814 sending message 112 to peer 0x5a537c845be0 (13 bytes)
1781792881.868816 sending message 112 to peer 0x5a537c845be0 (14 bytes)
1781792881.868818 sending message 112 to peer 0x5a537c845be0 (19 bytes)
1781792881.868820 sending message 112 to peer 0x5a537c845be0 (11 bytes)
1781792881.868822 sending message 112 to peer 0x5a537c845be0 (10 bytes)
1781792881.868824 sending message 112 to peer 0x5a537c845be0 (15 bytes)
1781792881.868826 sending message 112 to peer 0x5a537c845be0 (21 bytes)
1781792881.868828 sending message 112 to peer 0x5a537c845be0 (13 bytes)
1781792881.868830 sending message 112 to peer 0x5a537c845be0 (7 bytes)
1781792881.868832 sending message 112 to peer 0x5a537c845be0 (13 bytes)
1781792881.868834 sending message 112 to peer 0x5a537c845be0 (7 bytes)
1781792881.868836 sending message 112 to peer 0x5a537c845be0 (13 bytes)
1781792881.868838 sending message 112 to peer 0x5a537c845be0 (9 bytes)
1781792881.868841 sending message 112 to peer 0x5a537c845be0 (21 bytes)
1781792881.868843 sending message 112 to peer 0x5a537c845be0 (13 bytes)
1781792881.868845 sending message 112 to peer 0x5a537c845be0 (9 bytes)
1781792881.868847 sending message 112 to peer 0x5a537c845be0 (16 bytes)
1781792881.868849 sending message 112 to peer 0x5a537c845be0 (13 bytes)
1781792881.868851 sending message 112 to peer 0x5a537c845be0 (9 bytes)
1781792881.868853 sending message 112 to peer 0x5a537c845be0 (9 bytes)
1781792881.868855 sending message 112 to peer 0x5a537c845be0 (12 bytes)
1781792881.868857 sending message 112 to peer 0x5a537c845be0 (8 bytes)
1781792881.868859 sending message 112 to peer 0x5a537c845be0 (8 bytes)
1781792881.868861 sending message 112 to peer 0x5a537c845be0 (13 bytes)
1781792881.868863 sending message 112 to peer 0x5a537c845be0 (7 bytes)
1781792881.868865 sending message 112 to peer 0x5a537c845be0 (7 bytes)
1781792881.868867 sending message 112 to peer 0x5a537c845be0 (9 bytes)
1781792881.868869 sending message 112 to peer 0x5a537c845be0 (9 bytes)
1781792881.868871 sending message 112 to peer 0x5a537c845be0 (15 bytes)
1781792881.868873 sending message 112 to peer 0x5a537c845be0 (13 bytes)
1781792881.868875 sending message 112 to peer 0x5a537c845be0 (12 bytes)
1781792881.868877 sending message 112 to peer 0x5a537c845be0 (8 bytes)
1781792881.868879 sending message 112 to peer 0x5a537c845be0 (14 bytes)
1781792881.868881 sending message 112 to peer 0x5a537c845be0 (11 bytes)
1781792881.868883 sending message 112 to peer 0x5a537c845be0 (9 bytes)
1781792881.868885 sending message 112 to peer 0x5a537c845be0 (10 bytes)
1781792881.868887 sending message 112 to peer 0x5a537c845be0 (10 bytes)
1781792881.868889 sending message 112 to peer 0x5a537c845be0 (10 bytes)
1781792881.868904 sending message 112 to peer 0x5a537c845be0 (10 bytes)
1781792881.868906 sending message 112 to peer 0x5a537c845be0 (11 bytes)
1781792881.868908 sending message 112 to peer 0x5a537c845be0 (12 bytes)
1781792881.868910 sending message 112 to peer 0x5a537c845be0 (12 bytes)
1781792881.868913 sending message 112 to peer 0x5a537c845be0 (12 bytes)
1781792881.868915 sending message 112 to peer 0x5a537c845be0 (12 bytes)
1781792881.868917 sending message 112 to peer 0x5a537c845be0 (12 bytes)
1781792881.868919 sending message 112 to peer 0x5a537c845be0 (11 bytes)
1781792881.868921 sending message 112 to peer 0x5a537c845be0 (11 bytes)
1781792881.868923 sending message 112 to peer 0x5a537c845be0 (12 bytes)
1781792881.868925 sending message 112 to peer 0x5a537c845be0 (12 bytes)
1781792881.868927 sending message 112 to peer 0x5a537c845be0 (12 bytes)
1781792881.868929 sending message 112 to peer 0x5a537c845be0 (12 bytes)
1781792881.868931 sending message 112 to peer 0x5a537c845be0 (12 bytes)
1781792881.868933 sending message 112 to peer 0x5a537c845be0 (9 bytes)
1781792881.868935 sending message 112 to peer 0x5a537c845be0 (12 bytes)
1781792881.868937 sending message 112 to peer 0x5a537c845be0 (13 bytes)
1781792881.868939 sending message 112 to peer 0x5a537c845be0 (13 bytes)
1781792881.868941 sending message 112 to peer 0x5a537c845be0 (13 bytes)
1781792881.868943 sending message 112 to peer 0x5a537c845be0 (13 bytes)
1781792881.868945 sending message 112 to peer 0x5a537c845be0 (13 bytes)
1781792881.868947 sending message 112 to peer 0x5a537c845be0 (8 bytes)
1781792881.868949 sending message 112 to peer 0x5a537c845be0 (11 bytes)
1781792881.868951 sending message 112 to peer 0x5a537c845be0 (11 bytes)
1781792881.868953 sending message 112 to peer 0x5a537c845be0 (11 bytes)
1781792881.868955 sending message 112 to peer 0x5a537c845be0 (12 bytes)
1781792881.868957 sending message 112 to peer 0x5a537c845be0 (12 bytes)
1781792881.868959 sending message 112 to peer 0x5a537c845be0 (12 bytes)
1781792881.868961 sending message 112 to peer 0x5a537c845be0 (12 bytes)
1781792881.868963 sending message 112 to peer 0x5a537c845be0 (13 bytes)
1781792881.868965 sending message 112 to peer 0x5a537c845be0 (13 bytes)
1781792881.868967 sending message 112 to peer 0x5a537c845be0 (13 bytes)
1781792881.868969 sending message 112 to peer 0x5a537c845be0 (8 bytes)
1781792881.868972 sending message 112 to peer 0x5a537c845be0 (13 bytes)
1781792881.868974 sending message 112 to peer 0x5a537c845be0 (13 bytes)
1781792881.868976 sending message 112 to peer 0x5a537c845be0 (13 bytes)
1781792881.868978 sending message 112 to peer 0x5a537c845be0 (13 bytes)
1781792881.868980 sending message 112 to peer 0x5a537c845be0 (13 bytes)
1781792881.868982 sending message 112 to peer 0x5a537c845be0 (12 bytes)
1781792881.868984 sending message 112 to peer 0x5a537c845be0 (12 bytes)
1781792881.868986 sending message 112 to peer 0x5a537c845be0 (12 bytes)
1781792881.868988 sending message 112 to peer 0x5a537c845be0 (12 bytes)
1781792881.868990 sending message 112 to peer 0x5a537c845be0 (13 bytes)
1781792881.868992 sending message 112 to peer 0x5a537c845be0 (8 bytes)
1781792881.868994 sending message 112 to peer 0x5a537c845be0 (13 bytes)
1781792881.868996 sending message 112 to peer 0x5a537c845be0 (13 bytes)
1781792881.868998 sending message 112 to peer 0x5a537c845be0 (13 bytes)
1781792881.869000 sending message 112 to peer 0x5a537c845be0 (13 bytes)
1781792881.869002 sending message 112 to peer 0x5a537c845be0 (13 bytes)
1781792881.869004 sending message 112 to peer 0x5a537c845be0 (13 bytes)
1781792881.869006 sending message 112 to peer 0x5a537c845be0 (13 bytes)
1781792881.869008 sending message 112 to peer 0x5a537c845be0 (12 bytes)
1781792881.869010 sending message 112 to peer 0x5a537c845be0 (12 bytes)
1781792881.869012 sending message 112 to peer 0x5a537c845be0 (12 bytes)
1781792881.869014 sending message 112 to peer 0x5a537c845be0 (8 bytes)
1781792881.869016 sending message 112 to peer 0x5a537c845be0 (12 bytes)
1781792881.869018 sending message 112 to peer 0x5a537c845be0 (13 bytes)
1781792881.869025 sending message 112 to peer 0x5a537c845be0 (13 bytes)
1781792881.869027 sending message 112 to peer 0x5a537c845be0 (13 bytes)
1781792881.869029 sending message 112 to peer 0x5a537c845be0 (13 bytes)
1781792881.869031 sending message 112 to peer 0x5a537c845be0 (13 bytes)
1781792881.869033 sending message 112 to peer 0x5a537c845be0 (13 bytes)
1781792881.869035 sending message 112 to peer 0x5a537c845be0 (13 bytes)
1781792881.869037 sending message 112 to peer 0x5a537c845be0 (13 bytes)
1781792881.869039 sending message 112 to peer 0x5a537c845be0 (12 bytes)
1781792881.869041 sending message 112 to peer 0x5a537c845be0 (10 bytes)
1781792881.869043 sending message 112 to peer 0x5a537c845be0 (12 bytes)
1781792881.869045 sending message 112 to peer 0x5a537c845be0 (12 bytes)
1781792881.869048 sending message 112 to peer 0x5a537c845be0 (12 bytes)
1781792881.869050 sending message 112 to peer 0x5a537c845be0 (13 bytes)
1781792881.869052 sending message 112 to peer 0x5a537c845be0 (13 bytes)
1781792881.869054 sending message 112 to peer 0x5a537c845be0 (13 bytes)
1781792881.869056 sending message 112 to peer 0x5a537c845be0 (13 bytes)
1781792881.869058 sending message 112 to peer 0x5a537c845be0 (13 bytes)
1781792881.869060 sending message 112 to peer 0x5a537c845be0 (13 bytes)
1781792881.869062 sending message 112 to peer 0x5a537c845be0 (13 bytes)
1781792881.869064 sending message 112 to peer 0x5a537c845be0 (10 bytes)
1781792881.869066 sending message 112 to peer 0x5a537c845be0 (13 bytes)
1781792881.869068 sending message 112 to peer 0x5a537c845be0 (12 bytes)
1781792881.869070 sending message 112 to peer 0x5a537c845be0 (12 bytes)
1781792881.869072 sending message 112 to peer 0x5a537c845be0 (12 bytes)
1781792881.869074 sending message 112 to peer 0x5a537c845be0 (10 bytes)
1781792881.869076 sending message 112 to peer 0x5a537c845be0 (10 bytes)
1781792881.869078 sending message 112 to peer 0x5a537c845be0 (10 bytes)
1781792881.869080 sending message 112 to peer 0x5a537c845be0 (12 bytes)
1781792881.869082 sending message 112 to peer 0x5a537c845be0 (13 bytes)
1781792881.869084 sending message 112 to peer 0x5a537c845be0 (13 bytes)
1781792881.869086 sending message 112 to peer 0x5a537c845be0 (13 bytes)
1781792881.869088 sending message 112 to peer 0x5a537c845be0 (13 bytes)
1781792881.869090 sending message 112 to peer 0x5a537c845be0 (13 bytes)
1781792881.869092 sending message 112 to peer 0x5a537c845be0 (10 bytes)
1781792881.869094 sending message 112 to peer 0x5a537c845be0 (11 bytes)
1781792881.869096 sending message 112 to peer 0x5a537c845be0 (12 bytes)
1781792881.869098 sending message 112 to peer 0x5a537c845be0 (12 bytes)
1781792881.869100 sending message 112 to peer 0x5a537c845be0 (12 bytes)
1781792881.869102 sending message 112 to peer 0x5a537c845be0 (12 bytes)
1781792881.869104 sending message 112 to peer 0x5a537c845be0 (12 bytes)
1781792881.869106 sending message 112 to peer 0x5a537c845be0 (11 bytes)
1781792881.869108 sending message 112 to peer 0x5a537c845be0 (12 bytes)
1781792881.869110 sending message 112 to peer 0x5a537c845be0 (12 bytes)
1781792881.869112 sending message 112 to peer 0x5a537c845be0 (13 bytes)
1781792881.869114 sending message 112 to peer 0x5a537c845be0 (13 bytes)
1781792881.869116 sending message 112 to peer 0x5a537c845be0 (13 bytes)
1781792881.869119 sending message 112 to peer 0x5a537c845be0 (13 bytes)
1781792881.869120 sending message 112 to peer 0x5a537c845be0 (13 bytes)
1781792881.869123 sending message 112 to peer 0x5a537c845be0 (10 bytes)
1781792881.869125 sending message 112 to peer 0x5a537c845be0 (9 bytes)
1781792881.869127 sending message 112 to peer 0x5a537c845be0 (12 bytes)
1781792881.869129 sending message 112 to peer 0x5a537c845be0 (13 bytes)
1781792881.869131 sending message 112 to peer 0x5a537c845be0 (13 bytes)
1781792881.869133 sending message 112 to peer 0x5a537c845be0 (13 bytes)
1781792881.869135 sending message 112 to peer 0x5a537c845be0 (13 bytes)
1781792881.869137 sending message 112 to peer 0x5a537c845be0 (13 bytes)
1781792881.869139 sending message 112 to peer 0x5a537c845be0 (9 bytes)
1781792881.869146 sending message 112 to peer 0x5a537c845be0 (12 bytes)
1781792881.869148 sending message 112 to peer 0x5a537c845be0 (13 bytes)
1781792881.869150 sending message 112 to peer 0x5a537c845be0 (13 bytes)
1781792881.869152 sending message 112 to peer 0x5a537c845be0 (13 bytes)
1781792881.869154 sending message 112 to peer 0x5a537c845be0 (13 bytes)
1781792881.869156 sending message 112 to peer 0x5a537c845be0 (13 bytes)
1781792881.869158 sending message 112 to peer 0x5a537c845be0 (11 bytes)
1781792881.869160 sending message 112 to peer 0x5a537c845be0 (12 bytes)
1781792881.869162 sending message 112 to peer 0x5a537c845be0 (13 bytes)
1781792881.869164 sending message 112 to peer 0x5a537c845be0 (13 bytes)
1781792881.869166 sending message 112 to peer 0x5a537c845be0 (13 bytes)
1781792881.869168 sending message 112 to peer 0x5a537c845be0 (13 bytes)
1781792881.869170 sending message 112 to peer 0x5a537c845be0 (13 bytes)
1781792881.869172 sending message 112 to peer 0x5a537c845be0 (11 bytes)
1781792881.869174 sending message 112 to peer 0x5a537c845be0 (12 bytes)
1781792881.869176 sending message 112 to peer 0x5a537c845be0 (12 bytes)
1781792881.869178 sending message 112 to peer 0x5a537c845be0 (12 bytes)
1781792881.869180 sending message 112 to peer 0x5a537c845be0 (12 bytes)
1781792881.869182 sending message 112 to peer 0x5a537c845be0 (12 bytes)
1781792881.869184 sending message 112 to peer 0x5a537c845be0 (21 bytes)
1781792881.869186 sending message 112 to peer 0x5a537c845be0 (12 bytes)
1781792881.869188 sending message 112 to peer 0x5a537c845be0 (9 bytes)
1781792881.869190 sending message 112 to peer 0x5a537c845be0 (6 bytes)
1781792881.869192 sending message 112 to peer 0x5a537c845be0 (13 bytes)
1781792881.869194 sending message 112 to peer 0x5a537c845be0 (10 bytes)
1781792881.869196 sending message 112 to peer 0x5a537c845be0 (24 bytes)
1781792881.869198 sending message 112 to peer 0x5a537c845be0 (13 bytes)
1781792881.869200 sending message 112 to peer 0x5a537c845be0 (9 bytes)
1781792881.869203 sending message 112 to peer 0x5a537c845be0 (70 bytes)
1781792881.869205 sending message 112 to peer 0x5a537c845be0 (69 bytes)
1781792881.869207 sending message 112 to peer 0x5a537c845be0 (12 bytes)
1781792881.869209 sending message 112 to peer 0x5a537c845be0 (10 bytes)
1781792881.869211 sending message 112 to peer 0x5a537c845be0 (10 bytes)
1781792881.869213 sending message 112 to peer 0x5a537c845be0 (24 bytes)
1781792881.869215 sending message 112 to peer 0x5a537c845be0 (13 bytes)
1781792881.869217 sending message 112 to peer 0x5a537c845be0 (10 bytes)
1781792881.869219 sending message 112 to peer 0x5a537c845be0 (10 bytes)
1781792881.869221 sending message 112 to peer 0x5a537c845be0 (10 bytes)
1781792881.869223 sending message 112 to peer 0x5a537c845be0 (13 bytes)
1781792881.869225 sending message 112 to peer 0x5a537c845be0 (15 bytes)
1781792881.869227 sending message 112 to peer 0x5a537c845be0 (5 bytes)
1781792881.869230 sending message 104 to peer 0x5a537c845be0 (0 bytes)
1781792881.869232 sending message 110 to peer 0x5a537c845be0 (0 bytes)
1781792881.869235 sending message 107 to peer 0x5a537c845be0 (4 bytes)
1781792881.869237 sending message 105 to peer 0x5a537c845be0 (41 bytes)
1781792881.869239 sending message 105 to peer 0x5a537c845be0 (13 bytes)
1781792881.869241 sending message 105 to peer 0x5a537c845be0 (66 bytes)
1781792881.869243 sending message 105 to peer 0x5a537c845be0 (38 bytes)
1781792881.869246 sending message 105 to peer 0x5a537c845be0 (68 bytes)
1781792881.869248 sending message 105 to peer 0x5a537c845be0 (27 bytes)
1781792881.869250 sending message 105 to peer 0x5a537c845be0 (19 bytes)
1781792881.869252 sending message 105 to peer 0x5a537c845be0 (80 bytes)
1781792881.869254 sending message 105 to peer 0x5a537c845be0 (26 bytes)
1781792881.869256 sending message 105 to peer 0x5a537c845be0 (42 bytes)
1781792881.869258 sending message 105 to peer 0x5a537c845be0 (42 bytes)
1781792881.869260 sending message 105 to peer 0x5a537c845be0 (41 bytes)
1781792881.869262 sending message 105 to peer 0x5a537c845be0 (26 bytes)
1781792881.869269 sending message 105 to peer 0x5a537c845be0 (15 bytes)
1781792881.869271 sending message 105 to peer 0x5a537c845be0 (51 bytes)
1781792881.869273 sending message 105 to peer 0x5a537c845be0 (35 bytes)
1781792881.869275 sending message 105 to peer 0x5a537c845be0 (27 bytes)
1781792881.869277 sending message 105 to peer 0x5a537c845be0 (20 bytes)
1781792881.869279 sending message 105 to peer 0x5a537c845be0 (14 bytes)
1781792881.869281 sending message 105 to peer 0x5a537c845be0 (19 bytes)
1781792881.869283 sending message 105 to peer 0x5a537c845be0 (29 bytes)
1781792881.869285 sending message 105 to peer 0x5a537c845be0 (50 bytes)
1781792881.869287 sending message 105 to peer 0x5a537c845be0 (44 bytes)
1781792881.869289 sending message 105 to peer 0x5a537c845be0 (42 bytes)
1781792881.869291 sending message 105 to peer 0x5a537c845be0 (13 bytes)
1781792881.869293 sending message 105 to peer 0x5a537c845be0 (33 bytes)
1781792881.869295 sending message 105 to peer 0x5a537c845be0 (57 bytes)
1781792881.869297 sending message 105 to peer 0x5a537c845be0 (23 bytes)
1781792881.869299 sending message 105 to peer 0x5a537c845be0 (26 bytes)
1781792881.869301 sending message 105 to peer 0x5a537c845be0 (39 bytes)
1781792881.869303 sending message 105 to peer 0x5a537c845be0 (32 bytes)
1781792881.869305 sending message 105 to peer 0x5a537c845be0 (122 bytes)
1781792881.869307 sending message 105 to peer 0x5a537c845be0 (16 bytes)
1781792881.869309 sending message 105 to peer 0x5a537c845be0 (8 bytes)
1781792881.869311 sending message 105 to peer 0x5a537c845be0 (21 bytes)
1781792881.869313 sending message 105 to peer 0x5a537c845be0 (37 bytes)
1781792881.869316 sending message 105 to peer 0x5a537c845be0 (44 bytes)
1781792881.869318 sending message 105 to peer 0x5a537c845be0 (39 bytes)
1781792881.869320 sending message 105 to peer 0x5a537c845be0 (36 bytes)
1781792881.869322 sending message 105 to peer 0x5a537c845be0 (45 bytes)
1781792881.869324 sending message 105 to peer 0x5a537c845be0 (20 bytes)
1781792881.869326 sending message 105 to peer 0x5a537c845be0 (48 bytes)
1781792881.869328 sending message 105 to peer 0x5a537c845be0 (30 bytes)
1781792881.869330 sending message 105 to peer 0x5a537c845be0 (32 bytes)
1781792881.869332 sending message 105 to peer 0x5a537c845be0 (34 bytes)
1781792881.869334 sending message 105 to peer 0x5a537c845be0 (44 bytes)
1781792881.869336 sending message 105 to peer 0x5a537c845be0 (17 bytes)
1781792881.869338 sending message 105 to peer 0x5a537c845be0 (57 bytes)
1781792881.869340 sending message 105 to peer 0x5a537c845be0 (16 bytes)
1781792881.869342 sending message 105 to peer 0x5a537c845be0 (15 bytes)
1781792881.869344 sending message 105 to peer 0x5a537c845be0 (24 bytes)
1781792881.869346 sending message 105 to peer 0x5a537c845be0 (111 bytes)
1781792881.869348 sending message 105 to peer 0x5a537c845be0 (34 bytes)
1781792881.869350 sending message 105 to peer 0x5a537c845be0 (32 bytes)
1781792881.869352 sending message 105 to peer 0x5a537c845be0 (61 bytes)
1781792881.869354 sending message 105 to peer 0x5a537c845be0 (42 bytes)
1781792881.869356 sending message 105 to peer 0x5a537c845be0 (47 bytes)
1781792881.869359 sending message 105 to peer 0x5a537c845be0 (44 bytes)
1781792881.869361 sending message 105 to peer 0x5a537c845be0 (16 bytes)
1781792881.869363 sending message 105 to peer 0x5a537c845be0 (41 bytes)
1781792881.869365 sending message 105 to peer 0x5a537c845be0 (48 bytes)
1781792881.869367 sending message 105 to peer 0x5a537c845be0 (44 bytes)
1781792881.869369 sending message 105 to peer 0x5a537c845be0 (8 bytes)
1781792881.869371 sending message 105 to peer 0x5a537c845be0 (494 bytes)
1781792881.869373 sending message 105 to peer 0x5a537c845be0 (50 bytes)
1781792881.869375 sending message 105 to peer 0x5a537c845be0 (45 bytes)
1781792881.869377 sending message 105 to peer 0x5a537c845be0 (47 bytes)
1781792881.869379 sending message 105 to peer 0x5a537c845be0 (40 bytes)
1781792881.869381 sending message 105 to peer 0x5a537c845be0 (40 bytes)
1781792881.869383 sending message 105 to peer 0x5a537c845be0 (33 bytes)
1781792881.869395 sending message 105 to peer 0x5a537c845be0 (18 bytes)
1781792881.869397 sending message 105 to peer 0x5a537c845be0 (50 bytes)
1781792881.869399 sending message 105 to peer 0x5a537c845be0 (16 bytes)
1781792881.869401 sending message 105 to peer 0x5a537c845be0 (21 bytes)
1781792881.869403 sending message 105 to peer 0x5a537c845be0 (20 bytes)
1781792881.869405 sending message 105 to peer 0x5a537c845be0 (42 bytes)
1781792881.869407 sending message 105 to peer 0x5a537c845be0 (54 bytes)
1781792881.869409 sending message 105 to peer 0x5a537c845be0 (30 bytes)
1781792881.869411 sending message 105 to peer 0x5a537c845be0 (12 bytes)
1781792881.869413 sending message 105 to peer 0x5a537c845be0 (9 bytes)
1781792881.869415 sending message 105 to peer 0x5a537c845be0 (18 bytes)
1781792881.869417 sending message 105 to peer 0x5a537c845be0 (11 bytes)
1781792881.869420 sending message 105 to peer 0x5a537c845be0 (48 bytes)
1781792881.869422 sending message 105 to peer 0x5a537c845be0 (20 bytes)
1781792881.869424 sending message 105 to peer 0x5a537c845be0 (36 bytes)
1781792881.869426 sending message 105 to peer 0x5a537c845be0 (37 bytes)
1781792881.869428 sending message 105 to peer 0x5a537c845be0 (12 bytes)
1781792881.869430 sending message 105 to peer 0x5a537c845be0 (42 bytes)
1781792881.869432 sending message 105 to peer 0x5a537c845be0 (38 bytes)
1781792881.869434 sending message 105 to peer 0x5a537c845be0 (23 bytes)
1781792881.869436 sending message 105 to peer 0x5a537c845be0 (30 bytes)
1781792881.869438 sending message 105 to peer 0x5a537c845be0 (23 bytes)
1781792881.869440 sending message 105 to peer 0x5a537c845be0 (20 bytes)
1781792881.869442 sending message 105 to peer 0x5a537c845be0 (53 bytes)
1781792881.869444 sending message 105 to peer 0x5a537c845be0 (46 bytes)
1781792881.869446 sending message 105 to peer 0x5a537c845be0 (17 bytes)
1781792881.869448 sending message 105 to peer 0x5a537c845be0 (40 bytes)
1781792881.869450 sending message 105 to peer 0x5a537c845be0 (41 bytes)
1781792881.869452 sending message 105 to peer 0x5a537c845be0 (19 bytes)
1781792881.869454 sending message 105 to peer 0x5a537c845be0 (49 bytes)
1781792881.869456 sending message 105 to peer 0x5a537c845be0 (61 bytes)
1781792881.869458 sending message 105 to peer 0x5a537c845be0 (9 bytes)
1781792881.869460 sending message 105 to peer 0x5a537c845be0 (58 bytes)
1781792881.869462 sending message 105 to peer 0x5a537c845be0 (59 bytes)
1781792881.869464 sending message 105 to peer 0x5a537c845be0 (47 bytes)
1781792881.869468 sending message 105 to peer 0x5a537c845be0 (12061 bytes)
1781792881.869471 sending message 105 to peer 0x5a537c845be0 (12 bytes)
1781792881.869473 sending message 105 to peer 0x5a537c845be0 (26 bytes)
1781792881.869475 sending message 105 to peer 0x5a537c845be0 (40 bytes)
1781792881.869477 sending message 105 to peer 0x5a537c845be0 (63 bytes)
1781792881.869479 sending message 105 to peer 0x5a537c845be0 (16 bytes)
1781792881.869481 sending message 105 to peer 0x5a537c845be0 (52 bytes)
1781792881.869483 sending message 105 to peer 0x5a537c845be0 (26 bytes)
1781792881.869485 sending message 105 to peer 0x5a537c845be0 (44 bytes)
1781792881.869487 sending message 105 to peer 0x5a537c845be0 (24 bytes)
1781792881.869489 sending message 105 to peer 0x5a537c845be0 (55 bytes)
1781792881.869491 sending message 105 to peer 0x5a537c845be0 (20 bytes)
1781792881.869493 sending message 105 to peer 0x5a537c845be0 (50 bytes)
1781792881.869495 sending message 105 to peer 0x5a537c845be0 (16 bytes)
1781792881.869497 sending message 105 to peer 0x5a537c845be0 (26 bytes)
1781792881.869499 sending message 105 to peer 0x5a537c845be0 (15 bytes)
1781792881.869501 sending message 105 to peer 0x5a537c845be0 (41 bytes)
1781792881.869504 sending message 105 to peer 0x5a537c845be0 (33 bytes)
1781792881.869506 sending message 105 to peer 0x5a537c845be0 (23 bytes)
1781792881.869508 sending message 105 to peer 0x5a537c845be0 (19 bytes)
1781792881.869511 sending message 105 to peer 0x5a537c845be0 (19 bytes)
1781792881.869513 sending message 105 to peer 0x5a537c845be0 (14 bytes)
1781792881.869519 sending message 105 to peer 0x5a537c845be0 (18 bytes)
1781792881.869567 sending message 105 to peer 0x5a537c845be0 (17 bytes)
1781792881.869571 sending message 105 to peer 0x5a537c845be0 (29 bytes)
1781792881.869573 sending message 105 to peer 0x5a537c845be0 (12 bytes)
1781792881.869575 sending message 105 to peer 0x5a537c845be0 (34 bytes)
1781792881.869577 sending message 105 to peer 0x5a537c845be0 (23 bytes)
1781792881.869579 sending message 105 to peer 0x5a537c845be0 (33 bytes)
1781792881.869581 sending message 106 to peer 0x5a537c845be0 (0 bytes)
1781792881.869682 sending message 200 to peer 0x5a537c845be0 (4 bytes)
1781792881.869687 client loop enter
1781792881.920710 peer 0x5a537c845be0 message 207
1781792881.920794 sending message 208 to peer 0x5a537c845be0 (0 bytes)
1781792884.722639 peer 0x5a537c845be0 message 201
1781792884.722745 sending message 205 to peer 0x5a537c845be0 (0 bytes)
1781792884.725885 peer 0x5a537c845be0 message 204
1781792884.725931 client loop exit
